dshot.cpp:8:6:void DShot::init(dshot_type_e, TIM_HandleTypeDef*, uint32_t, TIM_HandleTypeDef*, uint32_t, TIM_HandleTypeDef*, uint32_t, TIM_HandleTypeDef*, uint32_t)	24	static
dshot.cpp:26:6:void DShot::initTelemetry(UART_HandleTypeDef*)	16	static
dshot.cpp:33:6:void DShot::write(uint16_t*, bool)	32	static
dshot.cpp:84:10:uint32_t DShot::dshot_choose_type(dshot_type_e)	16	static
dshot.cpp:102:6:void DShot::dshot_set_timer(dshot_type_e)	32	static
dshot.cpp:130:6:static void DShot::dshot_dma_tc_callback(DMA_HandleTypeDef*)	24	static
dshot.cpp:152:6:void DShot::dshot_put_tc_callback_function()	16	static
dshot.cpp:161:6:void DShot::dshot_start_pwm()	16	static
dshot.cpp:171:10:uint16_t DShot::dshot_prepare_packet(uint16_t, bool)	32	static
dshot.cpp:194:6:void DShot::dshot_prepare_dmabuffer(uint32_t*, uint16_t, bool)	32	static
dshot.cpp:209:6:void DShot::dshot_prepare_dmabuffer_all(uint16_t*, bool*)	24	static
dshot.cpp:217:6:void DShot::dshot_dma_start()	16	static
dshot.cpp:229:6:void DShot::dshot_enable_dma_request()	16	static
